
"C:\Program Files\Java\jdk-17.0.1\bin\java.exe" -Xmx20M -XX:NewRatio=4 "-Xlog:gc*" -XX:+UseSerialGC -javaagent:C:\Users\helg\AppData\Local\JetBrains\Toolbox\apps\IDEA-U\ch-1\213.5744.223\lib\idea_rt.jar=61817:C:\Users\helg\AppData\Local\JetBrains\Toolbox\apps\IDEA-U\ch-1\213.5744.223\bin -Dfile.encoding=UTF-8 -classpath D:\projects\job4j_tracker\target\classes;C:\Users\helg\.m2\repository\org\postgresql\postgresql\42.2.16\postgresql-42.2.16.jar;C:\Users\helg\.m2\repository\org\checkerframework\checker-qual\3.5.0\checker-qual-3.5.0.jar ru.job4j.tracker.GC_test
[0.006s][info][gc] Using Serial
[0.006s][info][gc,init] Version: 17.0.1+12-LTS-39 (release)
[0.006s][info][gc,init] CPUs: 24 total, 24 available
[0.006s][info][gc,init] Memory: 65453M
[0.006s][info][gc,init] Large Page Support: Disabled
[0.006s][info][gc,init] NUMA Support: Disabled
[0.006s][info][gc,init] Compressed Oops: Enabled (32-bit)
[0.006s][info][gc,init] Heap Min Capacity: 8M
[0.006s][info][gc,init] Heap Initial Capacity: 20M
[0.006s][info][gc,init] Heap Max Capacity: 20M
[0.006s][info][gc,init] Pre-touch: Disabled
...
App running time: 0,097000
[0.168s][info][gc,heap,exit   ] Heap
[0.168s][info][gc,heap,exit   ]  def new generation   total 3712K, used 1190K [0x00000000fec00000, 0x00000000ff000000, 0x00000000ff000000)
[0.168s][info][gc,heap,exit   ]   eden space 3328K,  35% used [0x00000000fec00000, 0x00000000fed29a30, 0x00000000fef40000)
[0.168s][info][gc,heap,exit   ]   from space 384K,   0% used [0x00000000fefa0000, 0x00000000fefa0000, 0x00000000ff000000)
[0.168s][info][gc,heap,exit   ]   to   space 384K,   0% used [0x00000000fef40000, 0x00000000fef40000, 0x00000000fefa0000)
[0.168s][info][gc,heap,exit   ]  tenured generation   total 16384K, used 16383K [0x00000000ff000000, 0x0000000100000000, 0x0000000100000000)
[0.168s][info][gc,heap,exit   ]    the space 16384K,  99% used [0x00000000ff000000, 0x00000000fffffff8, 0x0000000100000000, 0x0000000100000000)
[0.168s][info][gc,heap,exit   ]  Metaspace       used 1039K, committed 1216K, reserved 1056768K
[0.168s][info][gc,heap,exit   ]   class space    used 92K, committed 192K, reserved 1048576K

Process finished with exit code 0


---


"C:\Program Files\Java\jdk-17.0.1\bin\java.exe" -Xmx20M -XX:NewRatio=4 "-Xlog:gc*" -XX:+UseParallelGC -javaagent:C:\Users\helg\AppData\Local\JetBrains\Toolbox\apps\IDEA-U\ch-1\213.5744.223\lib\idea_rt.jar=55885:C:\Users\helg\AppData\Local\JetBrains\Toolbox\apps\IDEA-U\ch-1\213.5744.223\bin -Dfile.encoding=UTF-8 -classpath D:\projects\job4j_tracker\target\classes;C:\Users\helg\.m2\repository\org\postgresql\postgresql\42.2.16\postgresql-42.2.16.jar;C:\Users\helg\.m2\repository\org\checkerframework\checker-qual\3.5.0\checker-qual-3.5.0.jar ru.job4j.tracker.GC_test
[0.006s][info][gc] Using Parallel
[0.006s][info][gc,init] Version: 17.0.1+12-LTS-39 (release)
[0.006s][info][gc,init] CPUs: 24 total, 24 available
[0.006s][info][gc,init] Memory: 65453M
[0.006s][info][gc,init] Large Page Support: Disabled
[0.006s][info][gc,init] NUMA Support: Disabled
[0.006s][info][gc,init] Compressed Oops: Enabled (32-bit)
[0.006s][info][gc,init] Alignments: Space 512K, Generation 512K, Heap 2M
[0.006s][info][gc,init] Heap Min Capacity: 8M
[0.006s][info][gc,init] Heap Initial Capacity: 20M
[0.006s][info][gc,init] Heap Max Capacity: 20M
[0.006s][info][gc,init] Pre-touch: Disabled
[0.006s][info][gc,init] Parallel Workers: 18
...
App running time: 0,123000
[0.195s][info][gc,heap,exit   ] Heap
[0.196s][info][gc,heap,exit   ]  PSYoungGen      total 3072K, used 1229K [0x00000000ffc00000, 0x0000000100000000, 0x0000000100000000)
[0.196s][info][gc,heap,exit   ]   eden space 2048K, 60% used [0x00000000ffc00000,0x00000000ffd33670,0x00000000ffe00000)
[0.196s][info][gc,heap,exit   ]   from space 1024K, 0% used [0x00000000ffe00000,0x00000000ffe00000,0x00000000fff00000)
[0.196s][info][gc,heap,exit   ]   to   space 1024K, 0% used [0x00000000fff00000,0x00000000fff00000,0x0000000100000000)
[0.196s][info][gc,heap,exit   ]  ParOldGen       total 16384K, used 16154K [0x00000000fec00000, 0x00000000ffc00000, 0x00000000ffc00000)
[0.196s][info][gc,heap,exit   ]   object space 16384K, 98% used [0x00000000fec00000,0x00000000ffbc6a40,0x00000000ffc00000)
[0.196s][info][gc,heap,exit   ]  Metaspace       used 1039K, committed 1216K, reserved 1056768K
[0.196s][info][gc,heap,exit   ]   class space    used 92K, committed 192K, reserved 1048576K

Process finished with exit code 0


---


"C:\Program Files\Java\jdk-17.0.1\bin\java.exe" -Xmx20M -XX:NewRatio=4 "-Xlog:gc*" -XX:+UseG1GC -javaagent:C:\Users\helg\AppData\Local\JetBrains\Toolbox\apps\IDEA-U\ch-1\213.5744.223\lib\idea_rt.jar=61361:C:\Users\helg\AppData\Local\JetBrains\Toolbox\apps\IDEA-U\ch-1\213.5744.223\bin -Dfile.encoding=UTF-8 -classpath D:\projects\job4j_tracker\target\classes;C:\Users\helg\.m2\repository\org\postgresql\postgresql\42.2.16\postgresql-42.2.16.jar;C:\Users\helg\.m2\repository\org\checkerframework\checker-qual\3.5.0\checker-qual-3.5.0.jar ru.job4j.tracker.GC_test
[0.006s][info][gc] Using G1
[0.007s][info][gc,init] Version: 17.0.1+12-LTS-39 (release)
[0.007s][info][gc,init] CPUs: 24 total, 24 available
[0.007s][info][gc,init] Memory: 65453M
[0.007s][info][gc,init] Large Page Support: Disabled
[0.007s][info][gc,init] NUMA Support: Disabled
[0.007s][info][gc,init] Compressed Oops: Enabled (32-bit)
[0.007s][info][gc,init] Heap Region Size: 1M
[0.007s][info][gc,init] Heap Min Capacity: 8M
[0.007s][info][gc,init] Heap Initial Capacity: 20M
[0.007s][info][gc,init] Heap Max Capacity: 20M
[0.007s][info][gc,init] Pre-touch: Disabled
[0.007s][info][gc,init] Parallel Workers: 18
[0.007s][info][gc,init] Concurrent Workers: 5
[0.007s][info][gc,init] Concurrent Refinement Workers: 18
[0.007s][info][gc,init] Periodic GC: Disabled
...
App running time: 0,099000
[0.171s][info][gc,heap,exit] Heap
[0.171s][info][gc,heap,exit]  garbage-first heap   total 20480K, used 19023K [0x00000000fec00000, 0x0000000100000000)
[0.171s][info][gc,heap,exit]   region size 1024K, 2 young (2048K), 1 survivors (1024K)
[0.171s][info][gc,heap,exit]  Metaspace       used 1039K, committed 1216K, reserved 1056768K
[0.171s][info][gc,heap,exit]   class space    used 92K, committed 192K, reserved 1048576K

Process finished with exit code 0


---


"C:\Program Files\Java\jdk-17.0.1\bin\java.exe" -Xmx20M -XX:NewRatio=4 "-Xlog:gc*" -XX:+UseZGC -javaagent:C:\Users\helg\AppData\Local\JetBrains\Toolbox\apps\IDEA-U\ch-1\213.5744.223\lib\idea_rt.jar=57051:C:\Users\helg\AppData\Local\JetBrains\Toolbox\apps\IDEA-U\ch-1\213.5744.223\bin -Dfile.encoding=UTF-8 -classpath D:\projects\job4j_tracker\target\classes;C:\Users\helg\.m2\repository\org\postgresql\postgresql\42.2.16\postgresql-42.2.16.jar;C:\Users\helg\.m2\repository\org\checkerframework\checker-qual\3.5.0\checker-qual-3.5.0.jar ru.job4j.tracker.GC_test
[0.007s][info][gc,init] Initializing The Z Garbage Collector
[0.007s][info][gc,init] Version: 17.0.1+12-LTS-39 (release)
[0.007s][info][gc,init] NUMA Support: Disabled
[0.007s][info][gc,init] CPUs: 24 total, 24 available
[0.007s][info][gc,init] Memory: 65453M
[0.007s][info][gc,init] Large Page Support: Disabled
[0.007s][info][gc,init] GC Workers: 1 (dynamic)
[0.007s][info][gc,init] Address Space Type: Contiguous/Unrestricted/Complete
[0.007s][info][gc,init] Address Space Size: 320M x 3 = 960M
[0.007s][info][gc,init] Min Capacity: 8M
[0.007s][info][gc,init] Initial Capacity: 20M
[0.007s][info][gc,init] Max Capacity: 20M
[0.007s][info][gc,init] Medium Page Size: N/A
[0.007s][info][gc,init] Pre-touch: Disabled
[0.007s][info][gc,init] Uncommit: Enabled
[0.007s][info][gc,init] Uncommit Delay: 300s
[0.008s][info][gc,init] Runtime Workers: 1
[0.008s][info][gc     ] Using The Z Garbage Collector
...
[0.322s][info][gc,heap,exit] Heap
[0.322s][info][gc,heap,exit]  ZHeap           used 6M, capacity 20M, max capacity 20M
[0.322s][info][gc,heap,exit]  Metaspace       used 911K, committed 1088K, reserved 1056768K
[0.322s][info][gc,heap,exit]   class space    used 78K, committed 192K, reserved 1048576K
Exception in thread "main" java.lang.OutOfMemoryError: Java heap space
	at java.base/java.util.TimeZone.clone(TimeZone.java:755)
	at java.base/sun.util.calendar.ZoneInfo.clone(ZoneInfo.java:647)
	at java.base/java.util.TimeZone.getDefault(TimeZone.java:643)
	at java.base/java.time.ZoneId.systemDefault(ZoneId.java:274)
	at java.base/java.time.Clock.systemDefaultZone(Clock.java:185)
	at java.base/java.time.LocalDateTime.now(LocalDateTime.java:182)
	at ru.job4j.tracker.Item.<init>(Item.java:12)
	at ru.job4j.tracker.GC_test.main(GC_test.java:10)

Process finished with exit code 1


---


Serial - App running time: 0,097000
Parallel - App running time: 0,123000
G1 - App running time: 0,099000
ZGX - oom


---


3 - судя по результатам - Serial


---


4 - G1 или ZGC